// Jest Snapshot v1, https://goo.gl/fbAQLP

exports[`Post Component should render without crashing 1`] = `
Object {
  "asFragment": [Function],
  "baseElement": <body>
    <div>
      <div
        class="sc-kfzAmx ccMhrA"
      >
        <div
          class="sc-dIUggk kFoRgP"
        >
          <h3
            class="sc-dmlrTW dHnphj"
          >
            $
            NaN
          </h3>
          <button
            class="sc-hHftDr NjyMJ"
          >
            <svg
              class="svg-inline--fa fa-heart fa-w-16"
              color="#ff1555"
              viewBox="0 0 512 512"
              xmlns="http://www.w3.org/2000/svg"
            >
              <path
                d="M458.4 64.3C400.6 15.7 311.3 23 256 79.3 200.7 23 111.4 15.6 53.6 64.3-21.6 127.6-10.6 230.8 43 285.5l175.4 178.7c10 10.2 23.4 15.9 37.6 15.9 14.3 0 27.6-5.6 37.6-15.8L469 285.6c53.5-54.7 64.7-157.9-10.6-221.3zm-23.6 187.5L259.4 430.5c-2.4 2.4-4.4 2.4-6.8 0L77.2 251.8c-36.5-37.2-43.9-107.6 7.3-150.7 38.9-32.7 98.9-27.8 136.5 10.5l35 35.7 35-35.7c37.8-38.5 97.8-43.2 136.5-10.6 51.1 43.1 43.5 113.9 7.3 150.8z"
                fill="currentColor"
              />
            </svg>
          </button>
        </div>
        <div>
          <div
            class="sc-ifAKCX kdmnHy"
          >
            <div
              class="sc-bdVaJa TqLrp"
            >
              <div
                class="sc-EHOje jAMlvv"
              />
            </div>
          </div>
        </div>
        <div>
          <p
            class="sc-iwyYcG kqCFOt"
          />
        </div>
        <ul
          class="sc-cxFLnm cyMBUO"
        >
          <li
            class="sc-lmoMRL lgTTIG"
            width="0"
          >
            <div>
              <p
                class="sc-iJuUWI eyKIYN"
              />
              <div
                style="display: inline-block; max-width: 100%; overflow: hidden; position: relative; box-sizing: border-box; margin: 0px;"
              >
                <div
                  style="box-sizing: border-box; display: block; max-width: 100%;"
                >
                  <img
                    alt=""
                    aria-hidden="true"
                    role="presentation"
                    src="data:image/svg+xml;charset=utf-8,<svg width=\\"18\\" height=\\"15\\" xmlns=\\"http://www.w3.org/2000/svg\\" version=\\"1.1\\"/>"
                    style="max-width: 100%; display: block;"
                  />
                </div>
                <img
                  alt="bedroom"
                  class="sc-giIncl eduGjq"
                  decoding="async"
                  src="/_next/image?url=%2Fimages%2Fbedroom.png&w=320&q=75"
                  srcset="/_next/image?url=%2Fimages%2Fbedroom.png&w=320&q=75 1x"
                  style="visibility: visible; position: absolute; top: 0px; left: 0px; bottom: 0px; right: 0px; box-sizing: border-box; padding: 0px; margin: auto; display: block; width: 0px; height: 0px; min-width: 100%; max-width: 100%; min-height: 100%; max-height: 100%;"
                />
              </div>
            </div>
          </li>
          <li
            class="sc-lmoMRL lgTTIG"
            width="0"
          >
            <div>
              <p
                class="sc-iJuUWI eyKIYN"
              />
              <div
                style="display: inline-block; max-width: 100%; overflow: hidden; position: relative; box-sizing: border-box; margin: 0px;"
              >
                <div
                  style="box-sizing: border-box; display: block; max-width: 100%;"
                >
                  <img
                    alt=""
                    aria-hidden="true"
                    role="presentation"
                    src="data:image/svg+xml;charset=utf-8,<svg width=\\"18\\" height=\\"15\\" xmlns=\\"http://www.w3.org/2000/svg\\" version=\\"1.1\\"/>"
                    style="max-width: 100%; display: block;"
                  />
                </div>
                <img
                  alt="bathrooms"
                  class="sc-giIncl eduGjq"
                  decoding="async"
                  src="/_next/image?url=%2Fimages%2Fbathrooms.png&w=320&q=75"
                  srcset="/_next/image?url=%2Fimages%2Fbathrooms.png&w=320&q=75 1x"
                  style="visibility: visible; position: absolute; top: 0px; left: 0px; bottom: 0px; right: 0px; box-sizing: border-box; padding: 0px; margin: auto; display: block; width: 0px; height: 0px; min-width: 100%; max-width: 100%; min-height: 100%; max-height: 100%;"
                />
              </div>
            </div>
          </li>
          <li
            class="sc-lmoMRL lgTTIG"
            width="0"
          >
            <div>
              <p
                class="sc-iJuUWI eyKIYN"
              />
              <div
                style="display: inline-block; max-width: 100%; overflow: hidden; position: relative; box-sizing: border-box; margin: 0px;"
              >
                <div
                  style="box-sizing: border-box; display: block; max-width: 100%;"
                >
                  <img
                    alt=""
                    aria-hidden="true"
                    role="presentation"
                    src="data:image/svg+xml;charset=utf-8,<svg width=\\"18\\" height=\\"15\\" xmlns=\\"http://www.w3.org/2000/svg\\" version=\\"1.1\\"/>"
                    style="max-width: 100%; display: block;"
                  />
                </div>
                <img
                  alt="parking"
                  class="sc-giIncl eduGjq"
                  decoding="async"
                  src="/_next/image?url=%2Fimages%2Fparking.png&w=320&q=75"
                  srcset="/_next/image?url=%2Fimages%2Fparking.png&w=320&q=75 1x"
                  style="visibility: visible; position: absolute; top: 0px; left: 0px; bottom: 0px; right: 0px; box-sizing: border-box; padding: 0px; margin: auto; display: block; width: 0px; height: 0px; min-width: 100%; max-width: 100%; min-height: 100%; max-height: 100%;"
                />
              </div>
            </div>
          </li>
          <li
            class="sc-lmoMRL lgTTIG"
            width="0"
          >
            <div>
              <p
                class="sc-iJuUWI eyKIYN"
              >
                No
              </p>
              <div
                style="display: inline-block; max-width: 100%; overflow: hidden; position: relative; box-sizing: border-box; margin: 0px;"
              >
                <div
                  style="box-sizing: border-box; display: block; max-width: 100%;"
                >
                  <img
                    alt=""
                    aria-hidden="true"
                    role="presentation"
                    src="data:image/svg+xml;charset=utf-8,<svg width=\\"18\\" height=\\"15\\" xmlns=\\"http://www.w3.org/2000/svg\\" version=\\"1.1\\"/>"
                    style="max-width: 100%; display: block;"
                  />
                </div>
                <img
                  alt="pet friendly"
                  class="sc-giIncl eduGjq"
                  decoding="async"
                  src="/_next/image?url=%2Fimages%2Fpet.png&w=320&q=75"
                  srcset="/_next/image?url=%2Fimages%2Fpet.png&w=320&q=75 1x"
                  style="visibility: visible; position: absolute; top: 0px; left: 0px; bottom: 0px; right: 0px; box-sizing: border-box; padding: 0px; margin: auto; display: block; width: 0px; height: 0px; min-width: 100%; max-width: 100%; min-height: 100%; max-height: 100%;"
                />
              </div>
            </div>
          </li>
          <li
            class="sc-lmoMRL lgTTIG"
            width="0"
          >
            <div>
              <p
                class="sc-iJuUWI eyKIYN"
              >
                m
                <sup>
                  2
                </sup>
              </p>
            </div>
          </li>
        </ul>
      </div>
    </div>
  </body>,
  "container": <div>
    <div
      class="sc-kfzAmx ccMhrA"
    >
      <div
        class="sc-dIUggk kFoRgP"
      >
        <h3
          class="sc-dmlrTW dHnphj"
        >
          $
          NaN
        </h3>
        <button
          class="sc-hHftDr NjyMJ"
        >
          <svg
            class="svg-inline--fa fa-heart fa-w-16"
            color="#ff1555"
            viewBox="0 0 512 512"
            xmlns="http://www.w3.org/2000/svg"
          >
            <path
              d="M458.4 64.3C400.6 15.7 311.3 23 256 79.3 200.7 23 111.4 15.6 53.6 64.3-21.6 127.6-10.6 230.8 43 285.5l175.4 178.7c10 10.2 23.4 15.9 37.6 15.9 14.3 0 27.6-5.6 37.6-15.8L469 285.6c53.5-54.7 64.7-157.9-10.6-221.3zm-23.6 187.5L259.4 430.5c-2.4 2.4-4.4 2.4-6.8 0L77.2 251.8c-36.5-37.2-43.9-107.6 7.3-150.7 38.9-32.7 98.9-27.8 136.5 10.5l35 35.7 35-35.7c37.8-38.5 97.8-43.2 136.5-10.6 51.1 43.1 43.5 113.9 7.3 150.8z"
              fill="currentColor"
            />
          </svg>
        </button>
      </div>
      <div>
        <div
          class="sc-ifAKCX kdmnHy"
        >
          <div
            class="sc-bdVaJa TqLrp"
          >
            <div
              class="sc-EHOje jAMlvv"
            />
          </div>
        </div>
      </div>
      <div>
        <p
          class="sc-iwyYcG kqCFOt"
        />
      </div>
      <ul
        class="sc-cxFLnm cyMBUO"
      >
        <li
          class="sc-lmoMRL lgTTIG"
          width="0"
        >
          <div>
            <p
              class="sc-iJuUWI eyKIYN"
            />
            <div
              style="display: inline-block; max-width: 100%; overflow: hidden; position: relative; box-sizing: border-box; margin: 0px;"
            >
              <div
                style="box-sizing: border-box; display: block; max-width: 100%;"
              >
                <img
                  alt=""
                  aria-hidden="true"
                  role="presentation"
                  src="data:image/svg+xml;charset=utf-8,<svg width=\\"18\\" height=\\"15\\" xmlns=\\"http://www.w3.org/2000/svg\\" version=\\"1.1\\"/>"
                  style="max-width: 100%; display: block;"
                />
              </div>
              <img
                alt="bedroom"
                class="sc-giIncl eduGjq"
                decoding="async"
                src="/_next/image?url=%2Fimages%2Fbedroom.png&w=320&q=75"
                srcset="/_next/image?url=%2Fimages%2Fbedroom.png&w=320&q=75 1x"
                style="visibility: visible; position: absolute; top: 0px; left: 0px; bottom: 0px; right: 0px; box-sizing: border-box; padding: 0px; margin: auto; display: block; width: 0px; height: 0px; min-width: 100%; max-width: 100%; min-height: 100%; max-height: 100%;"
              />
            </div>
          </div>
        </li>
        <li
          class="sc-lmoMRL lgTTIG"
          width="0"
        >
          <div>
            <p
              class="sc-iJuUWI eyKIYN"
            />
            <div
              style="display: inline-block; max-width: 100%; overflow: hidden; position: relative; box-sizing: border-box; margin: 0px;"
            >
              <div
                style="box-sizing: border-box; display: block; max-width: 100%;"
              >
                <img
                  alt=""
                  aria-hidden="true"
                  role="presentation"
                  src="data:image/svg+xml;charset=utf-8,<svg width=\\"18\\" height=\\"15\\" xmlns=\\"http://www.w3.org/2000/svg\\" version=\\"1.1\\"/>"
                  style="max-width: 100%; display: block;"
                />
              </div>
              <img
                alt="bathrooms"
                class="sc-giIncl eduGjq"
                decoding="async"
                src="/_next/image?url=%2Fimages%2Fbathrooms.png&w=320&q=75"
                srcset="/_next/image?url=%2Fimages%2Fbathrooms.png&w=320&q=75 1x"
                style="visibility: visible; position: absolute; top: 0px; left: 0px; bottom: 0px; right: 0px; box-sizing: border-box; padding: 0px; margin: auto; display: block; width: 0px; height: 0px; min-width: 100%; max-width: 100%; min-height: 100%; max-height: 100%;"
              />
            </div>
          </div>
        </li>
        <li
          class="sc-lmoMRL lgTTIG"
          width="0"
        >
          <div>
            <p
              class="sc-iJuUWI eyKIYN"
            />
            <div
              style="display: inline-block; max-width: 100%; overflow: hidden; position: relative; box-sizing: border-box; margin: 0px;"
            >
              <div
                style="box-sizing: border-box; display: block; max-width: 100%;"
              >
                <img
                  alt=""
                  aria-hidden="true"
                  role="presentation"
                  src="data:image/svg+xml;charset=utf-8,<svg width=\\"18\\" height=\\"15\\" xmlns=\\"http://www.w3.org/2000/svg\\" version=\\"1.1\\"/>"
                  style="max-width: 100%; display: block;"
                />
              </div>
              <img
                alt="parking"
                class="sc-giIncl eduGjq"
                decoding="async"
                src="/_next/image?url=%2Fimages%2Fparking.png&w=320&q=75"
                srcset="/_next/image?url=%2Fimages%2Fparking.png&w=320&q=75 1x"
                style="visibility: visible; position: absolute; top: 0px; left: 0px; bottom: 0px; right: 0px; box-sizing: border-box; padding: 0px; margin: auto; display: block; width: 0px; height: 0px; min-width: 100%; max-width: 100%; min-height: 100%; max-height: 100%;"
              />
            </div>
          </div>
        </li>
        <li
          class="sc-lmoMRL lgTTIG"
          width="0"
        >
          <div>
            <p
              class="sc-iJuUWI eyKIYN"
            >
              No
            </p>
            <div
              style="display: inline-block; max-width: 100%; overflow: hidden; position: relative; box-sizing: border-box; margin: 0px;"
            >
              <div
                style="box-sizing: border-box; display: block; max-width: 100%;"
              >
                <img
                  alt=""
                  aria-hidden="true"
                  role="presentation"
                  src="data:image/svg+xml;charset=utf-8,<svg width=\\"18\\" height=\\"15\\" xmlns=\\"http://www.w3.org/2000/svg\\" version=\\"1.1\\"/>"
                  style="max-width: 100%; display: block;"
                />
              </div>
              <img
                alt="pet friendly"
                class="sc-giIncl eduGjq"
                decoding="async"
                src="/_next/image?url=%2Fimages%2Fpet.png&w=320&q=75"
                srcset="/_next/image?url=%2Fimages%2Fpet.png&w=320&q=75 1x"
                style="visibility: visible; position: absolute; top: 0px; left: 0px; bottom: 0px; right: 0px; box-sizing: border-box; padding: 0px; margin: auto; display: block; width: 0px; height: 0px; min-width: 100%; max-width: 100%; min-height: 100%; max-height: 100%;"
              />
            </div>
          </div>
        </li>
        <li
          class="sc-lmoMRL lgTTIG"
          width="0"
        >
          <div>
            <p
              class="sc-iJuUWI eyKIYN"
            >
              m
              <sup>
                2
              </sup>
            </p>
          </div>
        </li>
      </ul>
    </div>
  </div>,
  "debug": [Function],
  "findAllByAltText": [Function],
  "findAllByDisplayValue": [Function],
  "findAllByLabelText": [Function],
  "findAllByPlaceholderText": [Function],
  "findAllByRole": [Function],
  "findAllByTestId": [Function],
  "findAllByText": [Function],
  "findAllByTitle": [Function],
  "findByAltText": [Function],
  "findByDisplayValue": [Function],
  "findByLabelText": [Function],
  "findByPlaceholderText": [Function],
  "findByRole": [Function],
  "findByTestId": [Function],
  "findByText": [Function],
  "findByTitle": [Function],
  "getAllByAltText": [Function],
  "getAllByDisplayValue": [Function],
  "getAllByLabelText": [Function],
  "getAllByPlaceholderText": [Function],
  "getAllByRole": [Function],
  "getAllByTestId": [Function],
  "getAllByText": [Function],
  "getAllByTitle": [Function],
  "getByAltText": [Function],
  "getByDisplayValue": [Function],
  "getByLabelText": [Function],
  "getByPlaceholderText": [Function],
  "getByRole": [Function],
  "getByTestId": [Function],
  "getByText": [Function],
  "getByTitle": [Function],
  "queryAllByAltText": [Function],
  "queryAllByDisplayValue": [Function],
  "queryAllByLabelText": [Function],
  "queryAllByPlaceholderText": [Function],
  "queryAllByRole": [Function],
  "queryAllByTestId": [Function],
  "queryAllByText": [Function],
  "queryAllByTitle": [Function],
  "queryByAltText": [Function],
  "queryByDisplayValue": [Function],
  "queryByLabelText": [Function],
  "queryByPlaceholderText": [Function],
  "queryByRole": [Function],
  "queryByTestId": [Function],
  "queryByText": [Function],
  "queryByTitle": [Function],
  "rerender": [Function],
  "unmount": [Function],
}
`;
